============================= test session starts =============================
platform win32 -- Python 3.13.5, pytest-8.4.1, pluggy-1.5.0 -- C:\Users\ostia27\miniconda3\python.exe
cachedir: .pytest_cache
rootdir: C:\Users\ostia27\Documents\rule34py
configfile: pyproject.toml
plugins: anyio-3.7.1, asyncio-1.3.0, respx-0.22.0
asyncio: mode=Mode.STRICT, debug=False, asyncio_default_fixture_loop_scope=None, asyncio_default_test_loop_scope=function
collecting ... collected 5 items

tests/test_client.py::test_async_client_retry_logic PASSED               [ 20%]
tests/test_client.py::test_sync_client_retry_logic PASSED                [ 40%]
tests/test_client.py::test_retry_exhaustion PASSED                       [ 60%]
tests/test_parser.py::test_parse_post_list PASSED                        [ 80%]
tests/test_parser.py::test_parse_post_details FAILED                     [100%]

================================== FAILURES ===================================
___________________________ test_parse_post_details ___________________________

    def test_parse_post_details():
        details = PostDetailsParser.parse_html(MOCK_DETAILS_HTML)
    
        assert details is not None
        assert details.id == 1001
        assert details.width == 1920
        assert details.height == 1080
        assert details.rating == "safe"
        assert details.score == 123
>       assert details.uploader == "User1"
E       AssertionError: assert '' == 'User1'
E         
E         - User1

tests\test_parser.py:50: AssertionError
=========================== short test summary info ===========================
FAILED tests/test_parser.py::test_parse_post_details - AssertionError: assert...
========================= 1 failed, 4 passed in 5.68s =========================
